src/Ajax
src/Ajax/Alerts
src/Ajax/Alerts/_0test
src/Ajax/Dm
src/Ajax/Dm/_0test
src/Ajax/Heating
src/Ajax/Heating/Flc
src/Ajax/Heating/Flc/_0test
src/Ajax/Heating/Io
src/Ajax/Heating/Io/_0test
src/Ajax/Heating/Simulated
src/Ajax/Heating/Simulated/_0test
src/Ajax/Heating/Simulated/_simulator
src/Ajax/Heating/Supervisor
src/Ajax/Heating/Supervisor/_0test
src/Ajax/Logging
src/Ajax/Main
src/Ajax/Main/_0test
src/Ajax/Main/_app
src/Ajax/Main/_plat_alpha1
src/Ajax/Main/_plat_alpha1/_app_platform
src/Ajax/Main/_plat_alpha1_atmel
src/Ajax/Main/_plat_alpha1_atmel/_app_platform
src/Ajax/Main/_plat_simulator
src/Ajax/Main/_plat_simulator/_app_platform
src/Ajax/Metrics
src/Ajax/Metrics/_0test
src/Ajax/ScreenMgr
src/Ajax/ScreenMgr/_0test
src/Ajax/SimHouse
src/Ajax/SimHouse/_0test
src/Ajax/TShell
src/Ajax/Type
src/Ajax/Ui
src/Ajax/Ui/About
src/Ajax/Ui/EditSetpt
src/Ajax/Ui/Error
src/Ajax/Ui/Home
src/Ajax/Ui/Shutdown
src/Ajax/Ui/Splash
src/Ajax/Ui/StatusIndicator
src/Ajax/Ui/_0test
src/Bsp/Initech
src/Bsp/Initech/alpha1
src/Bsp/Initech/alpha1/console
src/Bsp/Initech/alpha1/MX
src/Bsp/Initech/alpha1/MX/Core/Inc
src/Bsp/Initech/alpha1/MX/Core/Src
src/Bsp/Initech/alpha1/SeggerSysView
src/Bsp/Initech/alpha1/trace
src/Bsp/Initech/alpha1-atmel
src/Bsp/Initech/alpha1-atmel/FreeRTOS
src/Bsp/Initech/alpha1-atmel/FreeRTOS/License
src/Bsp/Initech/alpha1-atmel/FreeRTOS/Source
src/Bsp/Initech/alpha1-atmel/FreeRTOS/Source/include
src/Bsp/Initech/alpha1-atmel/FreeRTOS/Source/portable
src/Bsp/Initech/alpha1-atmel/FreeRTOS/Source/portable/GCC/ARM_CM4F
src/Bsp/Initech/alpha1-atmel/FreeRTOS/Source/portable/MemMang
src/Driver/AIO/Ajax
src/Driver/AIO/Ajax/_0test
src/Driver/AIO/Arduino
src/Driver/AIO/Eros
src/Driver/Button/Arduino
src/Driver/DIO/Arduino
src/Driver/I2C/Arduino
src/Driver/LED/Pimoroni
src/Driver/PicoDisplay/Arduino
src/Driver/SPI/Arduino
src/Eros
src/Eros/Main
src/Eros/Main/_plat_alpha1
src/Eros/Main/_plat_simulator
src/Eros/Test
src/Eros/Test/Cycle
src/Eros/Test/Thermistor
src/Eros/TShell
src/Eros/Ui
src/Eros/Ui/Home
src/Eros/Ui/LcdTest
src/mp
tests/Ajax/Alerts/_0test
tests/Ajax/Alerts/_0test/linux
tests/Ajax/Alerts/_0test/linux/gcc
tests/Ajax/Alerts/_0test/windows
tests/Ajax/Alerts/_0test/windows/mingw_w64
tests/Ajax/Alerts/_0test/windows/vc12
tests/Ajax/Dm/_0test
tests/Ajax/Dm/_0test/linux
tests/Ajax/Dm/_0test/linux/gcc
tests/Ajax/Dm/_0test/windows
tests/Ajax/Dm/_0test/windows/mingw_w64
tests/Ajax/Dm/_0test/windows/vc12
tests/Ajax/Heating/Flc/_0test
tests/Ajax/Heating/Flc/_0test/linux
tests/Ajax/Heating/Flc/_0test/linux/gcc
tests/Ajax/Heating/Flc/_0test/windows
tests/Ajax/Heating/Flc/_0test/windows/mingw_w64
tests/Ajax/Heating/Flc/_0test/windows/vc12
tests/Ajax/Heating/Io/_0test
tests/Ajax/Heating/Io/_0test/alpha1/windows/gcc-arm
tests/Ajax/Heating/Simulated
tests/Ajax/Heating/Simulated/_0test
tests/Ajax/Heating/Simulated/_0test/linux
tests/Ajax/Heating/Simulated/_0test/linux/gcc
tests/Ajax/Heating/Simulated/_0test/windows
tests/Ajax/Heating/Simulated/_0test/windows/mingw_w64
tests/Ajax/Heating/Simulated/_0test/windows/vc12
tests/Ajax/Heating/Supervisor/_0test
tests/Ajax/Heating/Supervisor/_0test/linux
tests/Ajax/Heating/Supervisor/_0test/linux/gcc
tests/Ajax/Heating/Supervisor/_0test/windows
tests/Ajax/Heating/Supervisor/_0test/windows/mingw_w64
tests/Ajax/Heating/Supervisor/_0test/windows/vc12
tests/Ajax/Metrics/_0test
tests/Ajax/Metrics/_0test/linux
tests/Ajax/Metrics/_0test/linux/gcc
tests/Ajax/Metrics/_0test/windows
tests/Ajax/Metrics/_0test/windows/mingw_w64
tests/Ajax/Metrics/_0test/windows/vc12
tests/Ajax/ScreenMgr/_0test
tests/Ajax/ScreenMgr/_0test/linux
tests/Ajax/ScreenMgr/_0test/linux/gcc
tests/Ajax/ScreenMgr/_0test/windows
tests/Ajax/ScreenMgr/_0test/windows/mingw_w64
tests/Ajax/ScreenMgr/_0test/windows/vc12
tests/Ajax/SimHouse/_0test
tests/Ajax/SimHouse/_0test/linux
tests/Ajax/SimHouse/_0test/linux/gcc
tests/Ajax/SimHouse/_0test/windows
tests/Ajax/SimHouse/_0test/windows/mingw_w64
tests/Ajax/SimHouse/_0test/windows/vc12
tests/Ajax/Ui/_0test
tests/Ajax/Ui/_0test/linux
tests/Ajax/Ui/_0test/linux/gcc
tests/Ajax/Ui/_0test/windows
tests/Ajax/Ui/_0test/windows/mingw_w64
tests/Ajax/Ui/_0test/windows/vc12
tests/Bsp/Initech/alpha1-atmel/windows/gcc
tests/Driver/AIO/Ajax/_0test
tests/Driver/AIO/Ajax/_0test/linux
tests/Driver/AIO/Ajax/_0test/linux/gcc
tests/Driver/AIO/Ajax/_0test/windows
tests/Driver/AIO/Ajax/_0test/windows/mingw_w64
tests/Driver/AIO/Ajax/_0test/windows/vc12
tests/Driver/AIO/_0test/grand-central-alpha1-atmel/windows/gcc
tests/Driver/Button/_0test/hw/grand-central-alpha1-atmel/windows/gcc
tests/Driver/DIO/_0test/out_pwm/grand-central-alpha1-atmel/windows/gcc
tests/Driver/I2C/_0test/master-eeprom/grand-central-alpha1-atmel/windows/gcc
tests/Driver/SPI/_0test/adxl345/grand-central-alpha1-atmel/windows/gcc
projects/GM6000
projects/GM6000/Ajax
projects/GM6000/Ajax/alpha1/windows/gcc-arm
projects/GM6000/Ajax/alpha1-atmel/windows/gcc
projects/GM6000/Ajax/simulator
projects/GM6000/Ajax/simulator/linux
projects/GM6000/Ajax/simulator/linux/gcc
projects/GM6000/Ajax/simulator/windows
projects/GM6000/Ajax/simulator/windows/mingw_w64
projects/GM6000/Ajax/simulator/windows/vc12
projects/GM6000/Eros
projects/GM6000/Eros/alpha1/windows/gcc-arm
projects/GM6000/Eros/simulator
projects/GM6000/Eros/simulator/linux
projects/GM6000/Eros/simulator/linux/gcc
projects/GM6000/Eros/simulator/windows
projects/GM6000/Eros/simulator/windows/mingw_w64
projects/GM6000/Eros/simulator/windows/vc12
projects/pico-display-simulator
projects/pico-display-simulator/simulator
projects/pico-display-simulator/simulator/bin/Release
projects/pico-display-simulator/simulator/Properties
projects/pico-display-simulator/simulator/Resources